============================= test session starts =============================
platform win32 -- Python 3.12.7, pytest-9.0.1, pluggy-1.6.0
rootdir: C:\Users\Urdul\Desktop\project\jolt-1
plugins: timeout-2.4.0
collected 27 items

test_huth_symmetry.py ..                                                 [  7%]
test_inputs.py ..                                                        [ 14%]
tests\test_boeing_3layer.py .                                            [ 18%]
tests\test_boeing_fix.py .F                                              [ 25%]
tests\test_fatigue_fsi.py ..                                             [ 33%]
tests\test_joint.py .F.F...                                              [ 59%]
tests\test_serialization.py ...                                          [ 70%]
tests\test_ssf_criticality.py .                                          [ 74%]
tests\test_ssf_formulas.py .                                             [ 77%]
tests\test_units.py ......                                               [100%]

================================== FAILURES ===================================
___________________ TestBoeingFix.test_boeing_3_layer_case5 ___________________

self = <test_boeing_fix.TestBoeingFix testMethod=test_boeing_3_layer_case5>

    def test_boeing_3_layer_case5(self):
        # Load Case_5_3_elements_row_a.json
        # Assuming it is in the root directory
        case_path = os.path.join(os.path.dirname(__file__), '..', "Case_5_3_elements_row_a.json")
        if not os.path.exists(case_path):
            self.skipTest(f"Case file not found: {case_path}")
    
        with open(case_path, "r") as f:
            data = json.load(f)
    
        # Reconstruct objects
        plates = []
        for p_data in data["plates"]:
            plates.append(Plate(**p_data))
    
        fasteners = []
        for f_data in data["fasteners"]:
            conns = None
            if "connections" in f_data:
                conns = [tuple(c) for c in f_data["connections"]]
    
            kwargs = f_data.copy()
            if "connections" in kwargs:
                del kwargs["connections"]
    
            fasteners.append(FastenerRow(connections=conns, **kwargs))
    
        pitches = data["pitches"]
    
        joint = Joint1D(pitches, plates, fasteners)
    
        supports = [tuple(s) for s in data["supports"]]
    
        sol = joint.solve(supports=supports)
    
        actual = []
        results = sorted(sol.fasteners, key=lambda x: (x.row, x.plate_i, x.plate_j))
    
        for res in results:
            actual.append(abs(res.force))
    
        # Updated expected values for Pure Boeing (Minimal Norm) model
        # Previous values (Hybrid): [364.8, 538.4, 371.0, 461.8, 284.3]
        expected = [392.7, 543.2, 390.4, 456.8, 216.9]
    
        print(f"\nActual Shear Forces: {actual}")
        print(f"Expected Shear Forces: {expected}")
    
        self.assertEqual(len(actual), len(expected), "Mismatch in number of fastener interfaces")
    
        for i, (a, e) in enumerate(zip(actual, expected)):
            diff = abs(a - e)
>           self.assertLess(diff, 1.0, f"Mismatch at index {i}: Actual {a}, Expected {e}, Diff {diff}")
E           AssertionError: 85.72995545694226 not less than 1.0 : Mismatch at index 0: Actual 306.9700445430577, Expected 392.7, Diff 85.72995545694226

tests\test_boeing_fix.py:88: AssertionError
---------------------------- Captured stdout call -----------------------------
PAIRWISE ACTIVE for Row 2
6.588506566738075e-06
6.884746911042563e-06
PAIRWISE ACTIVE for Row 3
6.588506566738075e-06
6.884746911042563e-06
PAIRWISE ACTIVE for Row 4
6.5539608525533515e-06

Actual Shear Forces: [306.9700445430577, 533.2891126858665, 319.70345831447315, 466.7108873141325, 373.32649714247145]
Expected Shear Forces: [392.7, 543.2, 390.4, 456.8, 216.9]
______________ test_figure76_solution_matches_expected_response _______________

    def test_figure76_solution_matches_expected_response():
        pitches, plates, fasteners, supports = figure76_example()
        model = Joint1D(pitches=pitches, plates=plates, fasteners=fasteners)
        solution = model.solve(supports=supports)
    
        assert len(solution.displacements) == 14
>       assert max(abs(u) for u in solution.displacements) == pytest.approx(0.008286685664326896)
E       assert 0.009471041991578178 == 0.008286685664326896 ▒ 8.3e-09
E         
E         comparison failed
E         Obtained: 0.009471041991578178
E         Expected: 0.008286685664326896 ▒ 8.3e-09

tests\test_joint.py:30: AssertionError
---------------------------- Captured stdout call -----------------------------
PAIRWISE ACTIVE for Row 2
9.919919174397126e-06
PAIRWISE ACTIVE for Row 3
8.29823009657998e-06
9.919919174397126e-06
PAIRWISE ACTIVE for Row 4
8.29823009657998e-06
9.919919174397126e-06
PAIRWISE ACTIVE for Row 5
8.29823009657998e-06
9.919919174397126e-06
_______ test_figure76_beam_idealized_solution_matches_expected_response _______

    def test_figure76_beam_idealized_solution_matches_expected_response():
        pitches, plates, fasteners, supports = figure76_beam_idealized_example()
        model = Joint1D(pitches=pitches, plates=plates, fasteners=fasteners)
        solution = model.solve(supports=supports)
    
        assert len(solution.displacements) == 14
>       assert max(abs(u) for u in solution.displacements) == pytest.approx(0.004434798215029945)
E       assert 0.006016533383958517 == 0.004434798215029945 ▒ 4.4e-09
E         
E         comparison failed
E         Obtained: 0.006016533383958517
E         Expected: 0.004434798215029945 ▒ 4.4e-09

tests\test_joint.py:84: AssertionError
---------------------------- Captured stdout call -----------------------------
PAIRWISE ACTIVE for Row 2
9.919919174397126e-06
PAIRWISE ACTIVE for Row 3
8.29823009657998e-06
9.919919174397126e-06
PAIRWISE ACTIVE for Row 4
8.29823009657998e-06
9.919919174397126e-06
PAIRWISE ACTIVE for Row 5
8.29823009657998e-06
9.919919174397126e-06
=========================== short test summary info ===========================
FAILED tests/test_boeing_fix.py::TestBoeingFix::test_boeing_3_layer_case5 - A...
FAILED tests/test_joint.py::test_figure76_solution_matches_expected_response
FAILED tests/test_joint.py::test_figure76_beam_idealized_solution_matches_expected_response
======================== 3 failed, 24 passed in 0.18s =========================
