============================= test session starts =============================
platform win32 -- Python 3.12.7, pytest-9.0.1, pluggy-1.6.0
rootdir: C:\Users\Urdul\Desktop\project\jolt-1
plugins: timeout-2.4.0
collected 5 items

tests\test_joint.py .....                                                [100%]

============================== 5 passed in 0.05s ==============================
